// Jest Snapshot v1, https://goo.gl/fbAQLP

exports[`Address renders correctly 1`] = `
Address line one
<address class="c-text c-address"></address>
`;

exports[`Address renders the address heading correctly 1`] = `
<blaze-address-heading class="hydrated">Address header
  <span class="c-address__heading"></span>
</blaze-address-heading>Address line one
<br>Address line two
<br>Postcode
<address class="c-text c-address"></address>
`;
