// Jest Snapshot v1, https://goo.gl/fbAQLP

exports[`tabs renders renders correctly with no props 1`] = `"<blaze-tabs class=\\"hydrated\\"><!----><div class=\\"c-tabs\\"><div role=\\"tablist\\" class=\\"c-tabs\\"><div class=\\"c-tabs__nav\\"><div class=\\"c-tabs__headings\\"><button role=\\"tab\\" class=\\"c-tab-heading\\"></button><button role=\\"tab\\" class=\\"c-tab-heading\\"></button></div></div> <blaze-tab class=\\"hydrated\\"><!----><div role=\\"tabpanel\\" hidden=\\"\\" class=\\"c-tabs__tab\\">This is tab one</div></blaze-tab> <blaze-tab class=\\"hydrated\\"><!----><div role=\\"tabpanel\\" hidden=\\"\\" class=\\"c-tabs__tab\\">This is tab two</div></blaze-tab> </div></div></blaze-tabs>"`;

exports[`tabs renders renders correctly with props set 1`] = `"<blaze-tabs class=\\"hydrated\\"><!----><div class=\\"c-tabs\\"><div role=\\"tablist\\" class=\\"c-tabs\\"><div class=\\"c-tabs__nav\\"><div class=\\"c-tabs__headings\\"><button role=\\"tab\\" class=\\"c-tab-heading c-tab-heading--active\\">Tab one</button><button role=\\"tab\\" disabled=\\"\\" class=\\"c-tab-heading\\">Tab two</button></div></div> <blaze-tab header=\\"Tab one\\" open=\\"\\" class=\\"hydrated\\"><!----><div role=\\"tabpanel\\" class=\\"c-tabs__tab\\">This is tab one</div></blaze-tab> <blaze-tab header=\\"Tab two\\" disabled=\\"\\" class=\\"hydrated\\"><!----><div role=\\"tabpanel\\" hidden=\\"\\" class=\\"c-tabs__tab\\">This is tab two</div></blaze-tab> </div></div></blaze-tabs>"`;
