// Jest Snapshot v1, https://goo.gl/fbAQLP

exports[`Toasts renders correctly with no props 1`] = `
<blaze-toasts
  class="hydrated"
  position="bottomright"
>
  <div
    class="c-alerts c-alerts--bottomright"
  >
    <!---->
    
      
    <blaze-alert
      class="hydrated"
      dismissible="false"
      type="warning"
    >
      <div
        class="c-text c-alert c-alert--warning u-display-none"
      >
        
        <!---->
        You can not remove this toast
      </div>
    </blaze-alert>
    
      
    <blaze-alert
      class="hydrated"
      type="info"
    >
      <div
        class="c-text c-alert c-alert--info u-display-none"
      >
        
        <!---->
        This is some information
      </div>
    </blaze-alert>
    
    
  </div>
</blaze-toasts>
`;
