// Jest Snapshot v1, https://goo.gl/fbAQLP

exports[`demo renders renders a badge component and a code area 1`] = `"<blaze-demo language=\\"language-html\\" code=\\"<blaze-badge type=&quot;success&quot;>YO!</blaze-badge>\\" class=\\"hydrated\\"><div aria-label=\\"Demo component\\" class=\\"demo-markup-source u-letter-box-small\\"><blaze-badge type=\\"success\\" class=\\"hydrated\\"><!----><span class=\\"c-badge c-badge--success\\">YO!</span></blaze-badge></div><div class=\\"u-letter-box-small\\"><pre class=\\"u-pre\\"><code aria-hidden=\\"\\" tabindex=\\"-1\\" class=\\"u-code u-code--multiline language-html\\" contenteditable=\\"\\">&lt;blaze-badge type=\\"success\\"&gt;YO!&lt;/blaze-badge&gt;</code></pre></div></blaze-demo>"`;

exports[`demo renders renders correctly with no props 1`] = `"<blaze-demo class=\\"hydrated\\"><div aria-label=\\"Demo component\\" class=\\"demo-markup-source u-letter-box-small\\"></div><div class=\\"u-letter-box-small\\"><pre class=\\"u-pre\\"><code aria-hidden=\\"\\" tabindex=\\"-1\\" class=\\"u-code u-code--multiline\\" contenteditable=\\"\\"></code></pre></div></blaze-demo>"`;
